-- The CXX compiler identification is GNU 13.3.0
-- The C compiler identification is Clang 18.1.3
-- Detecting CXX compiler ABI info
-- Detecting CXX compiler ABI info - done
-- Check for working CXX compiler: /usr/bin/c++ - skipped
-- Detecting CXX compile features
-- Detecting CXX compile features - done
-- Detecting C compiler ABI info
-- Detecting C compiler ABI info - done
-- Check for working C compiler: /home/cwh/FORMTRIG/experiments/aflplusplus/AFLplusplus/afl-clang-fast - skipped
-- Detecting C compile features
-- Detecting C compile features - done
CMake Deprecation Warning at CMakeLists.txt:75 (cmake_policy):
  The OLD behavior for policy CMP0115 will be removed from a future version
  of CMake.

  The cmake-policies(7) manual explains that the OLD behaviors of all
  policies are deprecated and that a policy should be set to OLD only under
  specific short-term circumstances.  Projects should be ported to the NEW
  behavior and not rely on setting a policy to OLD.


-- Looking for assert.h
-- Looking for assert.h - found
-- Looking for string.h
-- Looking for string.h - found
-- Looking for strings.h
-- Looking for strings.h - found
-- Looking for byteswap.h
-- Looking for byteswap.h - found
-- Looking for inttypes.h
-- Looking for inttypes.h - found
-- Looking for errno.h
-- Looking for errno.h - found
-- Looking for limits.h
-- Looking for limits.h - found
-- Looking for memory.h
-- Looking for memory.h - found
-- Looking for sys/sysctl.h
-- Looking for sys/sysctl.h - not found
-- Looking for net/if.h
-- Looking for net/if.h - found
-- Looking for netinet/in.h
-- Looking for netinet/in.h - found
-- Looking for sys/epoll.h
-- Looking for sys/epoll.h - found
-- Looking for sys/timerfd.h
-- Looking for sys/timerfd.h - found
-- Looking for arpa/inet.h
-- Looking for arpa/inet.h - found
-- Looking for stdbool.h
-- Looking for stdbool.h - found
-- Looking for netdb.h
-- Looking for netdb.h - found
-- Looking for pthread.h
-- Looking for pthread.h - found
-- Looking for stdlib.h
-- Looking for stdlib.h - found
-- Looking for stdint.h
-- Looking for stdint.h - found
-- Looking for sys/ioctl.h
-- Looking for sys/ioctl.h - found
-- Looking for sys/socket.h
-- Looking for sys/socket.h - found
-- Looking for sys/stat.h
-- Looking for sys/stat.h - found
-- Looking for sys/time.h
-- Looking for sys/time.h - found
-- Looking for sys/types.h
-- Looking for sys/types.h - found
-- Looking for sys/unistd.h
-- Looking for sys/unistd.h - found
-- Looking for time.h
-- Looking for time.h - found
-- Looking for unistd.h
-- Looking for unistd.h - found
-- Looking for float.h
-- Looking for float.h - found
-- Looking for stddef.h
-- Looking for stddef.h - found
-- Looking for winsock2.h
-- Looking for winsock2.h - not found
-- Looking for ws2tcpip.h
-- Looking for ws2tcpip.h - not found
-- Looking for malloc
-- Looking for malloc - found
-- Looking for memset
-- Looking for memset - found
-- Looking for select
-- Looking for select - found
-- Looking for socket
-- Looking for socket - found
-- Looking for strcasecmp
-- Looking for strcasecmp - found
-- Looking for pthread_mutex_lock
-- Looking for pthread_mutex_lock - found
-- Looking for getaddrinfo
-- Looking for getaddrinfo - found
-- Looking for strnlen
-- Looking for strnlen - found
-- Looking for strrchr
-- Looking for strrchr - found
-- Looking for getrandom
-- Looking for getrandom - found
-- Looking for random
-- Looking for random - found
-- Looking for if_nametoindex
-- Looking for if_nametoindex - found
-- Looking for CMSG_FIRSTHDR
-- Looking for CMSG_FIRSTHDR - found
-- compiling with client support
-- compiling with server support
-- compiling with OSCORE support
-- WebSockets disabled as TCP not enabled
-- compiling without WebSockets support
-- compiling with observe persistence support
-- compiling with epoll support
-- compiling with max logging level set to none
-- PACKAGE VERSION..................4.3.1
-- PACKAGE BUILD....................d501350
-- ENABLE_DTLS:.....................OFF
-- ENABLE_TCP:......................OFF
-- ENABLE_WEBSOCKETS:...............OFF
-- ENABLE_CLIENT_MODE:..............ON
-- ENABLE_SERVER_MODE:..............ON
-- ENABLE_OSCORE:...................ON
-- ENABLE_DOCS:.....................OFF
-- ENABLE_EXAMPLES:.................OFF
-- DTLS_BACKEND:....................default
-- WITH_GNUTLS:.....................OFF
-- WITH_TINYDTLS:...................OFF
-- WITH_OPENSSL:....................OFF
-- WITH_MBEDTLS:....................OFF
-- HAVE_LIBTINYDTLS:................
-- HAVE_LIBGNUTLS:..................
-- HAVE_OPENSSL:....................
-- HAVE_MBEDTLS:....................
-- WITH_EPOLL:......................ON
-- BUILD_SHARED_LIBS:...............OFF
-- MAX_LOGGING_LEVEL:...............8
-- WARNING_TO_ERROR:................OFF
-- CMAKE_C_COMPILER:................/home/cwh/FORMTRIG/experiments/aflplusplus/AFLplusplus/afl-clang-fast
-- CMAKE_CXX_COMPILER_ID:...........GNU
-- CMAKE_BUILD_TYPE:................RelWithDebInfo
-- CMAKE_SYSTEM_PROCESSOR:..........x86_64
-- CMAKE_HOST_SYSTEM_NAME:..........Linux
-- CMAKE_GENERATOR:.................Ninja
-- Configuring done (3.7s)
-- Generating done (0.0s)
CMake Warning:
  Manually-specified variables were not used by the project:

    ENABLE_WEBSOCKETS
    OSCORE_BACKEND


-- Build files have been written to: /tmp/formtrig_libcoap_35862_baselines_30m_20260615T211555Z/libcoap-aflpp-build
