[1/34] Building C object CMakeFiles/coap-3.dir/src/coap_dtls.c.o
[2/34] Building C object CMakeFiles/coap-3.dir/src/coap_event.c.o
[3/34] Building C object CMakeFiles/coap-3.dir/src/coap_encode.c.o
[4/34] Building C object CMakeFiles/coap-3.dir/src/coap_async.c.o
[5/34] Building C object CMakeFiles/coap-3.dir/src/coap_asn1.c.o
[6/34] Building C object CMakeFiles/coap-3.dir/src/coap_hashkey.c.o
[7/34] Building C object CMakeFiles/coap-3.dir/src/coap_address.c.o
[8/34] Building C object CMakeFiles/coap-3.dir/src/coap_layers.c.o
[9/34] Building C object CMakeFiles/coap-3.dir/src/coap_cache.c.o
[10/34] Building C object CMakeFiles/coap-3.dir/src/coap_mem.c.o
[11/34] Building C object CMakeFiles/coap-3.dir/src/coap_netif.c.o
[12/34] Building C object CMakeFiles/coap-3.dir/src/coap_prng.c.o
[13/34] Building C object CMakeFiles/coap-3.dir/src/coap_notls.c.o
[14/34] Building C object CMakeFiles/coap-3.dir/src/coap_tcp.c.o
[15/34] Building C object CMakeFiles/coap-3.dir/src/coap_str.c.o
[16/34] Building C object CMakeFiles/coap-3.dir/src/coap_debug.c.o
[17/34] Building C object CMakeFiles/coap-3.dir/src/coap_option.c.o
[18/34] Building C object CMakeFiles/coap-3.dir/src/coap_io.c.o
[19/34] Building C object CMakeFiles/coap-3.dir/src/coap_time.c.o
[20/34] Building C object CMakeFiles/coap-3.dir/src/coap_ws.c.o
[21/34] Building C object CMakeFiles/coap-3.dir/src/coap_subscribe.c.o
[22/34] Building C object CMakeFiles/coap-3.dir/src/coap_uri.c.o
[23/34] Building C object CMakeFiles/coap-3.dir/src/coap_oscore.c.o
[24/34] Building C object CMakeFiles/coap-3.dir/src/oscore/oscore.c.o
[25/34] Building C object CMakeFiles/coap-3.dir/src/pdu.c.o
[26/34] Building C object CMakeFiles/coap-3.dir/src/coap_session.c.o
[27/34] Building C object CMakeFiles/coap-3.dir/src/oscore/oscore_cbor.c.o
/home/cwh/FORMTRIG/benchmarks/cve_build/libcoap-cve-2023-35862-src/src/oscore/oscore_cbor.c:211:42: warning: unused parameter 'buf_len' [-Wunused-parameter]
  211 | get_byte(const uint8_t **buffer, size_t *buf_len) {
      |                                          ^
1 warning generated.
[28/34] Building C object CMakeFiles/coap-3.dir/src/oscore/oscore_cose.c.o
[29/34] Building C object CMakeFiles/coap-3.dir/src/oscore/oscore_crypto.c.o
[30/34] Building C object CMakeFiles/coap-3.dir/src/resource.c.o
[31/34] Building C object CMakeFiles/coap-3.dir/src/oscore/oscore_context.c.o
[32/34] Building C object CMakeFiles/coap-3.dir/src/block.c.o
[33/34] Building C object CMakeFiles/coap-3.dir/src/net.c.o
[34/34] Linking C static library libcoap-3.a
